// Jest Snapshot v1, https://goo.gl/fbAQLP

exports[`<App /> spec Should not regress 1`] = `
<div>
  <div
    class="sc-AxhUy jVSqbg"
  >
    <main
      class="sc-AxhCb bpmotV"
    >
      <section
        class="sc-AxgMl dtCEJu"
      >
        <div
          class="sc-AxheI fRmiZu"
        >
          <span
            class="sc-AxiKw gnHDFQ"
          >
            WORKOUT
          </span>
          <span>
            Don't miss a day
          </span>
        </div>
        <div
          class="sc-Axmtr DRtFa"
        >
          <a
            class="sc-AxmLO gpMzst"
            highlight="true"
            href="/signup"
          >
            <span>
              Join
            </span>
          </a>
          <a
            class="sc-AxmLO flnOIH"
            href="/login"
          >
            <span>
              Log In
            </span>
          </a>
        </div>
      </section>
    </main>
  </div>
</div>
`;
